// Jest Snapshot v1, https://goo.gl/fbAQLP

exports[`Card matches snapshot 1`] = `
<View
  accessibilityState={
    {
      "busy": undefined,
      "checked": undefined,
      "disabled": undefined,
      "expanded": undefined,
      "selected": undefined,
    }
  }
  accessibilityValue={
    {
      "max": undefined,
      "min": undefined,
      "now": undefined,
      "text": undefined,
    }
  }
  accessible={true}
  collapsable={false}
  focusable={false}
  onClick={[Function]}
  onResponderGrant={[Function]}
  onResponderMove={[Function]}
  onResponderRelease={[Function]}
  onResponderTerminate={[Function]}
  onResponderTerminationRequest={[Function]}
  onStartShouldSetResponder={[Function]}
  style={
    {
      "alignItems": "flex-start",
      "backgroundColor": "#000000",
      "borderBottomLeftRadius": 16,
      "borderBottomRightRadius": 16,
      "borderTopLeftRadius": 16,
      "borderTopRightRadius": 16,
      "display": "flex",
      "gap": 10,
      "height": 180,
      "justifyContent": "space-around",
      "opacity": 1,
      "paddingBottom": 20,
      "paddingLeft": 20,
      "paddingRight": 20,
      "paddingTop": 20,
      "width": "100%",
    }
  }
>
  <Text
    kind="black"
    style={
      {
        "color": "#FFFFFF",
        "fontFamily": "PTSans-Regular",
        "fontSize": 18,
        "lineHeight": 20,
      }
    }
  >
    Black Card
  </Text>
  <View
    style={
      {
        "alignItems": "flex-start",
        "display": "flex",
        "flexDirection": "column",
        "justifyContent": "flex-start",
      }
    }
  >
    <Text
      kind="black"
      style={
        {
          "color": "#FFFFFF",
          "fontFamily": "PTSans-Regular",
          "fontSize": 16,
          "lineHeight": 18,
        }
      }
    >
      John Doe
    </Text>
    <Text
      kind="black"
      style={
        {
          "color": "#FFFFFF",
          "fontFamily": "PTSans-Regular",
          "fontSize": 14,
          "lineHeight": 16,
          "textAlign": "center",
        }
      }
    >
      **** **** **** 8727
    </Text>
    <Text
      kind="black"
      style={
        {
          "color": "#FFFFFF",
          "fontFamily": "PTSans-Regular",
          "fontSize": 14,
          "lineHeight": 16,
          "textAlign": "center",
        }
      }
    >
      validity 12/23
    </Text>
  </View>
</View>
`;
