// Jest Snapshot v1, https://goo.gl/fbAQLP

exports[`Home matches snapshot 1`] = `
<RNCSafeAreaView
  edges={
    {
      "bottom": "additive",
      "left": "additive",
      "right": "additive",
      "top": "additive",
    }
  }
  style={
    {
      "alignItems": "center",
      "backgroundColor": "#142995",
      "flexBasis": 0,
      "flexGrow": 1,
      "flexShrink": 1,
      "justifyContent": "center",
      "paddingBottom": 10,
      "paddingLeft": 30,
      "paddingRight": 30,
      "paddingTop": 10,
    }
  }
>
  <View
    style={
      {
        "backgroundColor": "#EEEEEE",
        "borderBottomLeftRadius": 50,
        "borderBottomRightRadius": 50,
        "height": 230,
        "opacity": 0.2,
        "position": "absolute",
        "right": 120,
        "top": -70,
        "transform": [
          {
            "rotate": "-39.93deg",
          },
        ],
        "width": 370,
      }
    }
    top={true}
  />
  <View
    style={
      {
        "backgroundColor": "#EEEEEE",
        "borderBottomLeftRadius": 50,
        "borderBottomRightRadius": 50,
        "bottom": -70,
        "height": 230,
        "left": 120,
        "opacity": 0.2,
        "position": "absolute",
        "transform": [
          {
            "rotate": "139deg",
          },
        ],
        "width": 370,
      }
    }
  />
  <Text
    style={
      {
        "color": "#FFF",
        "fontFamily": "PTSans-Caption",
        "fontSize": 28,
        "lineHeight": 52,
      }
    }
  >
    Wallet Test
  </Text>
  <View
    accessibilityState={
      {
        "busy": undefined,
        "checked": undefined,
        "disabled": false,
        "expanded": undefined,
        "selected": undefined,
      }
    }
    accessibilityValue={
      {
        "max": undefined,
        "min": undefined,
        "now": undefined,
        "text": undefined,
      }
    }
    accessible={true}
    collapsable={false}
    focusable={true}
    onClick={[Function]}
    onResponderGrant={[Function]}
    onResponderMove={[Function]}
    onResponderRelease={[Function]}
    onResponderTerminate={[Function]}
    onResponderTerminationRequest={[Function]}
    onStartShouldSetResponder={[Function]}
    style={
      {
        "alignItems": "center",
        "alignSelf": "stretch",
        "backgroundColor": "#12C2E9",
        "borderBottomLeftRadius": 12,
        "borderBottomRightRadius": 12,
        "borderTopLeftRadius": 12,
        "borderTopRightRadius": 12,
        "justifyContent": "center",
        "marginBottom": 10,
        "marginLeft": 0,
        "marginRight": 0,
        "marginTop": 10,
        "maxHeight": 56,
        "minHeight": 56,
        "opacity": 1,
        "paddingBottom": 10,
        "paddingLeft": 20,
        "paddingRight": 20,
        "paddingTop": 10,
      }
    }
    testID="multipurpose-button"
  >
    <Text
      style={
        {
          "color": "#FFFFFF",
          "fontFamily": "PTSans-Regular",
          "fontSize": 18,
        }
      }
      type="primary"
    >
      my cards
    </Text>
  </View>
  <View
    accessibilityState={
      {
        "busy": undefined,
        "checked": undefined,
        "disabled": false,
        "expanded": undefined,
        "selected": undefined,
      }
    }
    accessibilityValue={
      {
        "max": undefined,
        "min": undefined,
        "now": undefined,
        "text": undefined,
      }
    }
    accessible={true}
    collapsable={false}
    focusable={true}
    onClick={[Function]}
    onResponderGrant={[Function]}
    onResponderMove={[Function]}
    onResponderRelease={[Function]}
    onResponderTerminate={[Function]}
    onResponderTerminationRequest={[Function]}
    onStartShouldSetResponder={[Function]}
    style={
      {
        "alignItems": "center",
        "alignSelf": "stretch",
        "backgroundColor": "#A5FF32",
        "borderBottomLeftRadius": 12,
        "borderBottomRightRadius": 12,
        "borderTopLeftRadius": 12,
        "borderTopRightRadius": 12,
        "justifyContent": "center",
        "marginBottom": 10,
        "marginLeft": 0,
        "marginRight": 0,
        "marginTop": 10,
        "maxHeight": 56,
        "minHeight": 56,
        "opacity": 1,
        "paddingBottom": 10,
        "paddingLeft": 20,
        "paddingRight": 20,
        "paddingTop": 10,
      }
    }
    testID="multipurpose-button"
  >
    <Text
      style={
        {
          "color": "#142995",
          "fontFamily": "PTSans-Regular",
          "fontSize": 18,
        }
      }
      type="secondary"
    >
      register card
    </Text>
  </View>
</RNCSafeAreaView>
`;
