// Jest Snapshot v1, https://goo.gl/fbAQLP

exports[`WalletAnimatedScreen should render correctly 1`] = `
<RNCSafeAreaView
  edges={
    {
      "bottom": "additive",
      "left": "additive",
      "right": "additive",
      "top": "additive",
    }
  }
  style={
    {
      "alignItems": "center",
      "backgroundColor": "#142995",
      "flexBasis": 0,
      "flexGrow": 1,
      "flexShrink": 1,
      "justifyContent": "center",
      "paddingBottom": 10,
      "paddingLeft": 30,
      "paddingRight": 30,
      "paddingTop": 10,
    }
  }
>
  <View
    animatedStyle={
      {
        "value": {
          "height": 235,
          "position": "absolute",
          "width": 400,
        },
      }
    }
    collapsable={false}
    style={
      {
        "backgroundColor": "#EEEEEE",
        "borderBottomLeftRadius": 50,
        "borderBottomRightRadius": 50,
        "flex": 1,
        "height": 235,
        "opacity": 0.2,
        "position": "absolute",
        "transform": [
          {
            "rotate": "148deg",
          },
          {
            "translateY": -380,
          },
          {
            "translateX": 140,
          },
        ],
        "width": 400,
      }
    }
  />
  <Image
    resizeMode="contain"
    source={
      {
        "testUri": "../../../assets/images/animationwallet.png",
      }
    }
    style={
      {
        "height": 115,
        "width": 115,
      }
    }
  />
  <View
    animatedStyle={
      {
        "value": {
          "height": 235,
          "position": "absolute",
          "width": 400,
        },
      }
    }
    collapsable={false}
    style={
      {
        "backgroundColor": "#EEEEEE",
        "borderBottomLeftRadius": 50,
        "borderBottomRightRadius": 50,
        "flex": 1,
        "height": 235,
        "opacity": 0.2,
        "position": "absolute",
        "transform": [
          {
            "rotate": "-30deg",
          },
          {
            "translateY": -380,
          },
          {
            "translateX": 140,
          },
        ],
        "width": 400,
      }
    }
  />
</RNCSafeAreaView>
`;
