// Jest Snapshot v1, https://goo.gl/fbAQLP

exports[`StyledBackgroundContainer matches snapshot 1`] = `
<Text
  style={
    {
      "color": "#FFF",
      "fontFamily": "PTSans-Caption",
      "fontSize": 28,
      "lineHeight": 52,
    }
  }
>
  Wallet Test
</Text>
`;
