// Jest Snapshot v1, https://goo.gl/fbAQLP

exports[`StyledBackgroundContainer matches snapshot 1`] = `
<RNCSafeAreaView
  edges={
    {
      "bottom": "additive",
      "left": "additive",
      "right": "additive",
      "top": "additive",
    }
  }
  style={
    {
      "alignItems": "center",
      "backgroundColor": "#142995",
      "flexBasis": 0,
      "flexGrow": 1,
      "flexShrink": 1,
      "justifyContent": "center",
      "paddingBottom": 10,
      "paddingLeft": 30,
      "paddingRight": 30,
      "paddingTop": 10,
    }
  }
>
  <View
    style={
      {
        "backgroundColor": "#EEEEEE",
        "borderBottomLeftRadius": 50,
        "borderBottomRightRadius": 50,
        "height": 230,
        "opacity": 0.2,
        "position": "absolute",
        "right": 120,
        "top": -70,
        "transform": [
          {
            "rotate": "-39.93deg",
          },
        ],
        "width": 370,
      }
    }
    top={true}
  />
  <View
    style={
      {
        "backgroundColor": "#EEEEEE",
        "borderBottomLeftRadius": 50,
        "borderBottomRightRadius": 50,
        "bottom": -70,
        "height": 230,
        "left": 120,
        "opacity": 0.2,
        "position": "absolute",
        "transform": [
          {
            "rotate": "139deg",
          },
        ],
        "width": 370,
      }
    }
  />
</RNCSafeAreaView>
`;
