// Jest Snapshot v1, https://goo.gl/fbAQLP

exports[`CardRegistrationScreen matches snapshot 1`] = `
<View
  style={
    {
      "alignItems": "center",
      "backgroundColor": "#142995",
      "flexBasis": 0,
      "flexGrow": 1,
      "flexShrink": 1,
      "justifyContent": "center",
      "paddingBottom": 0,
      "paddingLeft": 30,
      "paddingRight": 30,
      "paddingTop": 0,
    }
  }
>
  <View
    style={
      {
        "flexBasis": 0,
        "flexGrow": 1,
        "flexShrink": 1,
        "width": "100%",
      }
    }
  >
    <RCTScrollView
      ListFooterComponent={[Function]}
      data={
        {
          "cvv": "123",
          "expiry": "12/24",
          "id": "4d18544b-66c4-478b-ab4a-0bab14c6f4d8",
          "kind": "black",
          "name": "John Doe",
          "number": "5503 2328 4377 9802",
        }
      }
      getItem={[Function]}
      getItemCount={[Function]}
      keyExtractor={[Function]}
      onContentSizeChange={[Function]}
      onLayout={[Function]}
      onMomentumScrollBegin={[Function]}
      onMomentumScrollEnd={[Function]}
      onScroll={[Function]}
      onScrollBeginDrag={[Function]}
      onScrollEndDrag={[Function]}
      removeClippedSubviews={false}
      renderItem={[Function]}
      scrollEventThrottle={50}
      showsVerticalScrollIndicator={false}
      stickyHeaderIndices={[]}
      style={{}}
      viewabilityConfigCallbackPairs={[]}
    >
      <View>
        <View
          onLayout={[Function]}
        >
          <View
            accessibilityState={
              {
                "busy": undefined,
                "checked": undefined,
                "disabled": undefined,
                "expanded": undefined,
                "selected": undefined,
              }
            }
            accessibilityValue={
              {
                "max": undefined,
                "min": undefined,
                "now": undefined,
                "text": undefined,
              }
            }
            accessible={true}
            collapsable={false}
            focusable={false}
            onClick={[Function]}
            onResponderGrant={[Function]}
            onResponderMove={[Function]}
            onResponderRelease={[Function]}
            onResponderTerminate={[Function]}
            onResponderTerminationRequest={[Function]}
            onStartShouldSetResponder={[Function]}
            style={
              {
                "marginBottom": 20,
                "opacity": 1,
                "width": "100%",
              }
            }
          >
            <View
              accessibilityState={
                {
                  "busy": undefined,
                  "checked": undefined,
                  "disabled": false,
                  "expanded": undefined,
                  "selected": undefined,
                }
              }
              accessibilityValue={
                {
                  "max": undefined,
                  "min": undefined,
                  "now": undefined,
                  "text": undefined,
                }
              }
              accessible={true}
              collapsable={false}
              focusable={true}
              onClick={[Function]}
              onResponderGrant={[Function]}
              onResponderMove={[Function]}
              onResponderRelease={[Function]}
              onResponderTerminate={[Function]}
              onResponderTerminationRequest={[Function]}
              onStartShouldSetResponder={[Function]}
              style={
                {
                  "alignItems": "center",
                  "alignSelf": "stretch",
                  "backgroundColor": "#12C2E9",
                  "borderBottomLeftRadius": 12,
                  "borderBottomRightRadius": 12,
                  "borderTopLeftRadius": 12,
                  "borderTopRightRadius": 12,
                  "justifyContent": "center",
                  "marginBottom": 10,
                  "marginLeft": 0,
                  "marginRight": 0,
                  "marginTop": 10,
                  "maxHeight": 56,
                  "minHeight": 56,
                  "opacity": 1,
                  "paddingBottom": 10,
                  "paddingLeft": 20,
                  "paddingRight": 20,
                  "paddingTop": 10,
                }
              }
              testID="multipurpose-button"
            >
              <Text
                style={
                  {
                    "color": "#FFFFFF",
                    "fontFamily": "PTSans-Regular",
                    "fontSize": 18,
                  }
                }
                type="primary"
              >
                pay with this card
              </Text>
            </View>
          </View>
        </View>
      </View>
    </RCTScrollView>
  </View>
</View>
`;
